// Jest Snapshot v1, https://goo.gl/fbAQLP

exports[`Contact renders correctly 1`] = `
<div
  style={
    Object {
      "margin": "auto",
      "maxWidth": "600px",
      "padding": "10px 15px",
    }
  }
>
  <h3>
     Feeling Formal ?
  </h3>
  <p>
    Send a quick message, and let's connect
  </p>
  <form
    className="contact-form md-form"
    onSubmit={[Function]}
    style={
      Object {
        "display": "grid",
      }
    }
  >
    <input
      name="contact_number"
      type="hidden"
    />
    <div
      className="form-group"
    >
      <input
        className="form-control"
        name="userName"
        onChange={[Function]}
        placeholder="Name"
        type="text"
        value=""
      />
    </div>
    <div
      className="form-group"
    >
      <input
        className="form-control"
        name="userEmail"
        onChange={[Function]}
        placeholder="Email@hotmail.com"
        type="email"
        value=""
      />
    </div>
    <div
      className="form-group"
    >
      <textarea
        className="md-textarea form-control"
        name="userMessage"
        onChange={[Function]}
        placeholder="say hi!!"
        value=""
      />
    </div>
    Enter the Fields
  </form>
</div>
`;
